Give me a number: Psh. You know what's funnier than 24
?
25
